// Jest Snapshot v1, https://goo.gl/fbAQLP

exports[`Link changes the class when hovered 1`] = `
<button
  class="MuiButton-root MuiButton-outlined MuiButton-outlinedPrimary MuiButton-sizeMedium MuiButton-outlinedSizeMedium MuiButtonBase-root sc-bczRLJ iiilXZ css-1rwt2y5-MuiButtonBase-root-MuiButton-root"
  tabindex="0"
  type="button"
>
  <span
    class="MuiButton-startIcon MuiButton-iconSizeMedium css-1d6wzja-MuiButton-startIcon"
  >
    <h2
      class="sc-gsnTZi llLRgE"
    >
      <span
        class="wave"
      >
        🌊
      </span>
    </h2>
  </span>
  go!
  <span
    class="MuiTouchRipple-root css-8je8zh-MuiTouchRipple-root"
  />
</button>
`;
